2026-07-01 22:17:49,332 - [NGS_Pipeline.NGSPipeline] - INFO: Initializing pipeline execution using sample target: SRR1553607
2026-07-01 22:17:54,783 - [NGS_Pipeline.NGSPipeline] - INFO: Starting Step 1: Setup Workspace Directories
2026-07-01 22:17:54,783 - [NGS_Pipeline.NGSPipeline] - INFO: Created directories: data, ref, results
2026-07-01 22:17:54,783 - [NGS_Pipeline.NGSPipeline] - INFO: Step 1 completed successfully.
2026-07-01 22:17:56,517 - [NGS_Pipeline.NGSPipeline] - INFO: Starting Step 2: Download the Reference Genome
2026-07-01 22:17:56,517 - [NGS_Pipeline.NGSPipeline] - INFO: Streaming DNA reference sequence file from NCBI server...
2026-07-01 22:17:56,597 - [NGS_Pipeline.NGSPipeline] - INFO: Unpacking compressed file package...
2026-07-01 22:17:56,622 - [NGS_Pipeline.NGSPipeline] - INFO: File saved securely to ref/ecoli.fna
2026-07-01 22:17:56,622 - [NGS_Pipeline.NGSPipeline] - INFO: Step 2 completed successfully.
2026-07-01 22:17:59,968 - [NGS_Pipeline.NGSPipeline] - INFO: Starting Step 3: Index the Genome Reference
2026-07-01 22:17:59,968 - [NGS_Pipeline.NGSPipeline] - INFO: Indexing structure matrix using BWA...
2026-07-01 22:18:01,807 - [NGS_Pipeline.NGSPipeline] - INFO: Building coordinate system tracker using Samtools...
2026-07-01 22:18:01,829 - [NGS_Pipeline.NGSPipeline] - INFO: Step 3 completed successfully.
2026-07-01 22:18:05,087 - [NGS_Pipeline.NGSPipeline] - INFO: Starting Step 4: Download Patient Sequence Reads
2026-07-01 22:18:05,087 - [NGS_Pipeline.NGSPipeline] - INFO: Downloading dataset SRR1553607 from SRA database...
2026-07-01 22:18:09,630 - [NGS_Pipeline.NGSPipeline] - INFO: Step 4 completed successfully.
2026-07-01 22:18:15,745 - [NGS_Pipeline.NGSPipeline] - INFO: Starting Step 5: Evaluate Data Quality (QC)
2026-07-01 22:18:15,745 - [NGS_Pipeline.NGSPipeline] - INFO: Running quality control check with FastQC...
2026-07-01 22:18:24,075 - [NGS_Pipeline.NGSPipeline] - INFO: Step 5 completed successfully.
2026-07-01 22:18:27,068 - [NGS_Pipeline.NGSPipeline] - INFO: Starting Step 6: Trim Bad Machine Data
2026-07-01 22:18:27,069 - [NGS_Pipeline.NGSPipeline] - INFO: Trimming low-quality sequence pieces using Trimmomatic...
2026-07-01 22:18:30,931 - [NGS_Pipeline.NGSPipeline] - INFO: Step 6 completed successfully.
2026-07-01 22:18:41,461 - [NGS_Pipeline.NGSPipeline] - INFO: Starting Step 7: Align Reads onto Reference Map
2026-07-01 22:18:41,461 - [NGS_Pipeline.NGSPipeline] - INFO: Aligning clean data against reference structure...
2026-07-01 22:19:02,192 - [NGS_Pipeline.NGSPipeline] - INFO: Converting SAM to BAM...
2026-07-01 22:19:04,288 - [NGS_Pipeline.NGSPipeline] - INFO: Sorting and indexing BAM file...
2026-07-01 22:19:06,537 - [NGS_Pipeline.NGSPipeline] - INFO: Step 7 completed successfully.
2026-07-01 22:19:26,443 - [NGS_Pipeline.NGSPipeline] - INFO: Starting Step 8: Call Genetic Mutations (Variants)
2026-07-01 22:19:26,443 - [NGS_Pipeline.NGSPipeline] - INFO: Calling genomic mutation metrics variants via bcftools...
2026-07-01 22:19:26,852 - [NGS_Pipeline.NGSPipeline] - INFO: Converting BCF to VCF...
2026-07-01 22:19:26,867 - [NGS_Pipeline.NGSPipeline] - INFO: Step 8 completed successfully.
2026-07-01 22:19:28,370 - [NGS_Pipeline.NGSPipeline] - INFO: Generating Polars mutation report...
