2026-07-02 18:20:45,165 - [NGS_Pipeline.NGSPipeline] - INFO: Pipeline started | Run ID: 20260702_182042 | Sample: SRR1553607
2026-07-02 18:20:47,668 - [NGS_Pipeline.NGSPipeline] - INFO: Starting Step 1: Setup Directories
2026-07-02 18:20:47,669 - [NGS_Pipeline.NGSPipeline] - INFO: Run directories created for ID: 20260702_182042
2026-07-02 18:20:47,669 - [NGS_Pipeline.NGSPipeline] - INFO: ================================================================================
2026-07-02 18:20:47,669 - [NGS_Pipeline.NGSPipeline] - INFO: STEP 1: SETUP DIRECTORIES - DETAILED ANALYSIS
2026-07-02 18:20:47,669 - [NGS_Pipeline.NGSPipeline] - INFO: ================================================================================
2026-07-02 18:20:47,669 - [NGS_Pipeline.NGSPipeline] - INFO: Step 1: Workspace Setup
Purpose: Create clean, isolated directories for this run.
Reasoning: Ensures reproducibility and prevents mixing data between different runs.
Best Practice in Bioinformatics: Organized folder structure is essential for traceability.
2026-07-02 18:20:47,669 - [NGS_Pipeline.NGSPipeline] - INFO: ================================================================================

2026-07-02 18:20:47,670 - [NGS_Pipeline.NGSPipeline] - INFO: Step 1 completed successfully.
2026-07-02 18:20:50,163 - [NGS_Pipeline.NGSPipeline] - INFO: Starting Step 2: Download Reference Genome
2026-07-02 18:20:50,164 - [NGS_Pipeline.NGSPipeline] - INFO: Reference genome already exists.
2026-07-02 18:20:50,164 - [NGS_Pipeline.NGSPipeline] - INFO: ================================================================================
2026-07-02 18:20:50,164 - [NGS_Pipeline.NGSPipeline] - INFO: STEP 2: DOWNLOAD REFERENCE GENOME - DETAILED ANALYSIS
2026-07-02 18:20:50,165 - [NGS_Pipeline.NGSPipeline] - INFO: ================================================================================
2026-07-02 18:20:50,165 - [NGS_Pipeline.NGSPipeline] - INFO: Step 2: Reference Genome
Purpose: Download E. coli K-12 reference genome.
Biological Context: Acts as the trusted baseline for comparing the sample's sequence.
Reasoning: All variants are called relative to this reference. Using a standard strain reduces bias.
2026-07-02 18:20:50,166 - [NGS_Pipeline.NGSPipeline] - INFO: ================================================================================

2026-07-02 18:20:50,166 - [NGS_Pipeline.NGSPipeline] - INFO: Step 2 completed successfully.
2026-07-02 18:20:50,171 - [NGS_Pipeline.NGSPipeline] - INFO: Starting Step 3: Index Reference
2026-07-02 18:20:50,172 - [NGS_Pipeline.NGSPipeline] - INFO: Indexing reference genome...
2026-07-02 18:20:50,214 - [NGS_Pipeline.NGSPipeline] - ERROR: Error in Step 3: [Errno 2] No such file or directory: 'bwa'
